src/views/Reports.tsx(260,34): error TS6133: 'entry' is declared but its value is never read.
